Archive member included to satisfy reference by file (symbol)

/usr/lib/gcc/arm-none-eabi/9.2.1/../../../arm-none-eabi/lib/thumb/v7e-m+fp/hard/libm.a(lib_a-sf_sin.o)
                              /workspace/nutekt-digital/tapewarble/build/obj/tape.o (sinf)
/usr/lib/gcc/arm-none-eabi/9.2.1/../../../arm-none-eabi/lib/thumb/v7e-m+fp/hard/libm.a(lib_a-ef_rem_pio2.o)
                              /usr/lib/gcc/arm-none-eabi/9.2.1/../../../arm-none-eabi/lib/thumb/v7e-m+fp/hard/libm.a(lib_a-sf_sin.o) (__ieee754_rem_pio2f)
/usr/lib/gcc/arm-none-eabi/9.2.1/../../../arm-none-eabi/lib/thumb/v7e-m+fp/hard/libm.a(lib_a-kf_cos.o)
                              /usr/lib/gcc/arm-none-eabi/9.2.1/../../../arm-none-eabi/lib/thumb/v7e-m+fp/hard/libm.a(lib_a-sf_sin.o) (__kernel_cosf)
/usr/lib/gcc/arm-none-eabi/9.2.1/../../../arm-none-eabi/lib/thumb/v7e-m+fp/hard/libm.a(lib_a-kf_rem_pio2.o)
                              /usr/lib/gcc/arm-none-eabi/9.2.1/../../../arm-none-eabi/lib/thumb/v7e-m+fp/hard/libm.a(lib_a-ef_rem_pio2.o) (__kernel_rem_pio2f)
/usr/lib/gcc/arm-none-eabi/9.2.1/../../../arm-none-eabi/lib/thumb/v7e-m+fp/hard/libm.a(lib_a-kf_sin.o)
                              /usr/lib/gcc/arm-none-eabi/9.2.1/../../../arm-none-eabi/lib/thumb/v7e-m+fp/hard/libm.a(lib_a-sf_sin.o) (__kernel_sinf)
/usr/lib/gcc/arm-none-eabi/9.2.1/../../../arm-none-eabi/lib/thumb/v7e-m+fp/hard/libm.a(lib_a-sf_fabs.o)
                              /usr/lib/gcc/arm-none-eabi/9.2.1/../../../arm-none-eabi/lib/thumb/v7e-m+fp/hard/libm.a(lib_a-ef_rem_pio2.o) (fabsf)
/usr/lib/gcc/arm-none-eabi/9.2.1/../../../arm-none-eabi/lib/thumb/v7e-m+fp/hard/libm.a(lib_a-sf_floor.o)
                              /usr/lib/gcc/arm-none-eabi/9.2.1/../../../arm-none-eabi/lib/thumb/v7e-m+fp/hard/libm.a(lib_a-kf_rem_pio2.o) (floorf)
/usr/lib/gcc/arm-none-eabi/9.2.1/../../../arm-none-eabi/lib/thumb/v7e-m+fp/hard/libm.a(lib_a-sf_scalbn.o)
                              /usr/lib/gcc/arm-none-eabi/9.2.1/../../../arm-none-eabi/lib/thumb/v7e-m+fp/hard/libm.a(lib_a-kf_rem_pio2.o) (scalbnf)

Memory Configuration

Name             Origin             Length             Attributes
SRAM             0x0000000020017800 0x0000000000001800 xr
SDRAM            0x00000000c0400000 0x0000000000020000 rw
*default*        0x0000000000000000 0xffffffffffffffff

Linker script and memory map

LOAD /workspace/nutekt-digital/tapewarble/build/obj/_unit.o
LOAD /workspace/nutekt-digital/tapewarble/build/obj/tape.o

.hooks          0x0000000020017800       0x40
                0x0000000020017800                . = ALIGN (0x4)
                0x0000000020017800                _hooks_start = .
 *(.hooks)
 .hooks         0x0000000020017800       0x40 /workspace/nutekt-digital/tapewarble/build/obj/_unit.o
                0x0000000020017840                . = ALIGN (0x4)
                0x0000000020017840                _hooks_end = .

.init_array     0x0000000020017840        0x0
                0x0000000020017840                . = ALIGN (0x4)
                0x0000000020017840                PROVIDE (__init_array_start = .)
 *(SORT_BY_NAME(.init_array.*))
 *(.init_array*)
                0x0000000020017840                . = ALIGN (0x4)
                0x0000000020017840                PROVIDE (__init_array_end = .)

.text           0x0000000020017840      0xdd8
                0x0000000020017840                . = ALIGN (0x4)
                0x0000000020017840                _text_start = .
 *(.text)
 .text          0x0000000020017840       0x58 /workspace/nutekt-digital/tapewarble/build/obj/_unit.o
                0x0000000020017842                _hook_suspend
                0x0000000020017846                _hook_resume
                0x000000002001784a                _entry
 .text          0x0000000020017898       0xe0 /workspace/nutekt-digital/tapewarble/build/obj/tape.o
                0x0000000020017898                _hook_init
                0x000000002001789a                lfo(float)
                0x00000000200178b0                _hook_param
                0x00000000200178d4                linearInterpolate(float, float, float)
                0x00000000200178de                _hook_process
 .text          0x0000000020017978       0x94 /usr/lib/gcc/arm-none-eabi/9.2.1/../../../arm-none-eabi/lib/thumb/v7e-m+fp/hard/libm.a(lib_a-sf_sin.o)
                0x0000000020017978                sinf
 .text          0x0000000020017a0c      0x298 /usr/lib/gcc/arm-none-eabi/9.2.1/../../../arm-none-eabi/lib/thumb/v7e-m+fp/hard/libm.a(lib_a-ef_rem_pio2.o)
                0x0000000020017a0c                __ieee754_rem_pio2f
 .text          0x0000000020017ca4      0x104 /usr/lib/gcc/arm-none-eabi/9.2.1/../../../arm-none-eabi/lib/thumb/v7e-m+fp/hard/libm.a(lib_a-kf_cos.o)
                0x0000000020017ca4                __kernel_cosf
 .text          0x0000000020017da8      0x664 /usr/lib/gcc/arm-none-eabi/9.2.1/../../../arm-none-eabi/lib/thumb/v7e-m+fp/hard/libm.a(lib_a-kf_rem_pio2.o)
                0x0000000020017da8                __kernel_rem_pio2f
 .text          0x000000002001840c       0x90 /usr/lib/gcc/arm-none-eabi/9.2.1/../../../arm-none-eabi/lib/thumb/v7e-m+fp/hard/libm.a(lib_a-kf_sin.o)
                0x000000002001840c                __kernel_sinf
 .text          0x000000002001849c       0x10 /usr/lib/gcc/arm-none-eabi/9.2.1/../../../arm-none-eabi/lib/thumb/v7e-m+fp/hard/libm.a(lib_a-sf_fabs.o)
                0x000000002001849c                fabsf
 .text          0x00000000200184ac       0x88 /usr/lib/gcc/arm-none-eabi/9.2.1/../../../arm-none-eabi/lib/thumb/v7e-m+fp/hard/libm.a(lib_a-sf_floor.o)
                0x00000000200184ac                floorf
 .text          0x0000000020018534       0xe4 /usr/lib/gcc/arm-none-eabi/9.2.1/../../../arm-none-eabi/lib/thumb/v7e-m+fp/hard/libm.a(lib_a-sf_scalbn.o)
                0x0000000020018534                scalbnf
 *(.text.*)
 *(.glue_7)
 .glue_7        0x0000000020018618        0x0 linker stubs
 *(.glue_7t)
 .glue_7t       0x0000000020018618        0x0 linker stubs
 *(.gcc*)
                0x0000000020018618                . = ALIGN (0x4)
                0x0000000020018618                _text_end = .

.vfp11_veneer   0x0000000020018618        0x0
 .vfp11_veneer  0x0000000020018618        0x0 linker stubs

.v4_bx          0x0000000020018618        0x0
 .v4_bx         0x0000000020018618        0x0 linker stubs

.iplt           0x0000000020018618        0x0
 .iplt          0x0000000020018618        0x0 /workspace/nutekt-digital/tapewarble/build/obj/_unit.o

.rodata         0x0000000020018618      0x3d0
                0x0000000020018618                . = ALIGN (0x4)
                0x0000000020018618                _rodata_start = .
 *(.rodata)
 .rodata        0x0000000020018618      0x398 /usr/lib/gcc/arm-none-eabi/9.2.1/../../../arm-none-eabi/lib/thumb/v7e-m+fp/hard/libm.a(lib_a-ef_rem_pio2.o)
 .rodata        0x00000000200189b0       0x38 /usr/lib/gcc/arm-none-eabi/9.2.1/../../../arm-none-eabi/lib/thumb/v7e-m+fp/hard/libm.a(lib_a-kf_rem_pio2.o)
 *(.rodata.*)
                0x00000000200189e8                . = ALIGN (0x4)
                0x00000000200189e8                _rodata_end = .

.rel.dyn        0x00000000200189e8        0x0
 .rel.iplt      0x00000000200189e8        0x0 /workspace/nutekt-digital/tapewarble/build/obj/_unit.o

.data           0x00000000200189e8        0x8
                0x00000000200189e8                . = ALIGN (0x8)
                0x00000000200189e8                _data_start = .
 *(.data)
 .data          0x00000000200189e8        0x0 /workspace/nutekt-digital/tapewarble/build/obj/_unit.o
 .data          0x00000000200189e8        0x4 /workspace/nutekt-digital/tapewarble/build/obj/tape.o
 *fill*         0x00000000200189ec        0x4 
 .data          0x00000000200189f0        0x0 /usr/lib/gcc/arm-none-eabi/9.2.1/../../../arm-none-eabi/lib/thumb/v7e-m+fp/hard/libm.a(lib_a-sf_sin.o)
 .data          0x00000000200189f0        0x0 /usr/lib/gcc/arm-none-eabi/9.2.1/../../../arm-none-eabi/lib/thumb/v7e-m+fp/hard/libm.a(lib_a-ef_rem_pio2.o)
 .data          0x00000000200189f0        0x0 /usr/lib/gcc/arm-none-eabi/9.2.1/../../../arm-none-eabi/lib/thumb/v7e-m+fp/hard/libm.a(lib_a-kf_cos.o)
 .data          0x00000000200189f0        0x0 /usr/lib/gcc/arm-none-eabi/9.2.1/../../../arm-none-eabi/lib/thumb/v7e-m+fp/hard/libm.a(lib_a-kf_rem_pio2.o)
 .data          0x00000000200189f0        0x0 /usr/lib/gcc/arm-none-eabi/9.2.1/../../../arm-none-eabi/lib/thumb/v7e-m+fp/hard/libm.a(lib_a-kf_sin.o)
 .data          0x00000000200189f0        0x0 /usr/lib/gcc/arm-none-eabi/9.2.1/../../../arm-none-eabi/lib/thumb/v7e-m+fp/hard/libm.a(lib_a-sf_fabs.o)
 .data          0x00000000200189f0        0x0 /usr/lib/gcc/arm-none-eabi/9.2.1/../../../arm-none-eabi/lib/thumb/v7e-m+fp/hard/libm.a(lib_a-sf_floor.o)
 .data          0x00000000200189f0        0x0 /usr/lib/gcc/arm-none-eabi/9.2.1/../../../arm-none-eabi/lib/thumb/v7e-m+fp/hard/libm.a(lib_a-sf_scalbn.o)
 *(.data.*)
                0x00000000200189f0                . = ALIGN (0x8)
                0x00000000200189f0                _data_end = .

.igot.plt       0x00000000200189f0        0x0
 .igot.plt      0x00000000200189f0        0x0 /workspace/nutekt-digital/tapewarble/build/obj/_unit.o

.bss            0x00000000200189f0        0x4
                0x00000000200189f0                . = ALIGN (0x4)
                0x00000000200189f0                _bss_start = .
 *(.bss)
 .bss           0x00000000200189f0        0x0 /workspace/nutekt-digital/tapewarble/build/obj/_unit.o
 .bss           0x00000000200189f0        0x4 /workspace/nutekt-digital/tapewarble/build/obj/tape.o
 .bss           0x00000000200189f4        0x0 /usr/lib/gcc/arm-none-eabi/9.2.1/../../../arm-none-eabi/lib/thumb/v7e-m+fp/hard/libm.a(lib_a-sf_sin.o)
 .bss           0x00000000200189f4        0x0 /usr/lib/gcc/arm-none-eabi/9.2.1/../../../arm-none-eabi/lib/thumb/v7e-m+fp/hard/libm.a(lib_a-ef_rem_pio2.o)
 .bss           0x00000000200189f4        0x0 /usr/lib/gcc/arm-none-eabi/9.2.1/../../../arm-none-eabi/lib/thumb/v7e-m+fp/hard/libm.a(lib_a-kf_cos.o)
 .bss           0x00000000200189f4        0x0 /usr/lib/gcc/arm-none-eabi/9.2.1/../../../arm-none-eabi/lib/thumb/v7e-m+fp/hard/libm.a(lib_a-kf_rem_pio2.o)
 .bss           0x00000000200189f4        0x0 /usr/lib/gcc/arm-none-eabi/9.2.1/../../../arm-none-eabi/lib/thumb/v7e-m+fp/hard/libm.a(lib_a-kf_sin.o)
 .bss           0x00000000200189f4        0x0 /usr/lib/gcc/arm-none-eabi/9.2.1/../../../arm-none-eabi/lib/thumb/v7e-m+fp/hard/libm.a(lib_a-sf_fabs.o)
 .bss           0x00000000200189f4        0x0 /usr/lib/gcc/arm-none-eabi/9.2.1/../../../arm-none-eabi/lib/thumb/v7e-m+fp/hard/libm.a(lib_a-sf_floor.o)
 .bss           0x00000000200189f4        0x0 /usr/lib/gcc/arm-none-eabi/9.2.1/../../../arm-none-eabi/lib/thumb/v7e-m+fp/hard/libm.a(lib_a-sf_scalbn.o)
 *(.bss.*)
 *(COMMON)
                0x00000000200189f4                . = ALIGN (0x4)
                0x00000000200189f4                _bss_end = .

.ARM.extab      0x00000000200189f4        0x0
                0x00000000200189f4                . = ALIGN (0x4)
                0x00000000200189f4                __extab_start = .
 *(.ARM.extab* .gnu.linkonce.armextab.*)
                0x00000000200189f4                . = ALIGN (0x4)
                0x00000000200189f4                __extab_end = .

.ARM.exidx      0x00000000200189f4        0x0
                0x00000000200189f4                __exidx_start = .
 *(.ARM.exidx* .gnu.linkonce.armexidx.*)
                0x00000000200189f4                __exidx_end = .

.eh_frame_hdr   0x00000000200189f4        0x0
                0x00000000200189f4                . = ALIGN (0x4)
                0x00000000200189f4                _eh_frame_hdr_start = .
 *(.eh_frame_hdr)
                0x00000000200189f4                . = ALIGN (0x4)
                0x00000000200189f4                _eh_frame_hdr_end = .

.eh_frame       0x00000000200189f4        0x0
                0x00000000200189f4                . = ALIGN (0x4)
                0x00000000200189f4                _eh_frame_start = .
 *(.eh_frame)
                0x00000000200189f4                . = ALIGN (0x4)
                0x00000000200189f4                _eh_frame_end = .

.sdram          0x00000000c0400000        0x0
                0x00000000c0400000                . = ALIGN (0x4)
                0x00000000c0400000                _usr_sdram_start = .
 *(.sdram*)
                0x00000000c0400000                . = ALIGN (0x4)
                0x00000000c0400000                _usr_sdram_end = .
LOAD /workspace/nutekt-digital/tapewarble/ld/main_api.syms
                0x000000000807b000                k_fx_api_version = 0x807b000
                0x000000000807b004                k_fx_api_platform = 0x807b004
                0x000000000807b100                sqrtm2log_lut_f = 0x807b100
                0x000000000807b504                tanpi_lut_f = 0x807b504
                0x000000000807b908                log_lut_f = 0x807b908
                0x000000000807bd0c                bitres_lut_f = 0x807bd0c
                0x000000000807bf10                wt_sine_lut_f = 0x807bf10
                0x000000000807c114                schetzen_lut_f = 0x807c114
                0x000000000807c318                cubicsat_lut_f = 0x807c318
                0x000000000807c51c                pow2_lut_f = 0x807c51c
                0x000000000807c920                _fx_mcu_hash = 0x807c920
                0x000000000807c92c                _fx_rand = 0x807c92c
                0x000000000807c964                _fx_white = 0x807c964
                0x000000000807ca88                _fx_get_bpm = 0x807ca88
                0x000000000807ca8c                _fx_get_bpmf = 0x807ca8c
LOAD /usr/lib/gcc/arm-none-eabi/9.2.1/../../../arm-none-eabi/lib/thumb/v7e-m+fp/hard/libm.a
START GROUP
LOAD /usr/lib/gcc/arm-none-eabi/9.2.1/thumb/v7e-m+fp/hard/libgcc.a
LOAD /usr/lib/gcc/arm-none-eabi/9.2.1/../../../arm-none-eabi/lib/thumb/v7e-m+fp/hard/libg.a
LOAD /usr/lib/gcc/arm-none-eabi/9.2.1/../../../arm-none-eabi/lib/thumb/v7e-m+fp/hard/libc.a
END GROUP
OUTPUT(/workspace/nutekt-digital/tapewarble/build/tape.elf elf32-littlearm)
LOAD linker stubs

.debug_info     0x0000000000000000     0x9128
 .debug_info    0x0000000000000000      0xd82 /workspace/nutekt-digital/tapewarble/build/obj/_unit.o
 .debug_info    0x0000000000000d82     0x2ad3 /workspace/nutekt-digital/tapewarble/build/obj/tape.o
 .debug_info    0x0000000000003855      0xab7 /usr/lib/gcc/arm-none-eabi/9.2.1/../../../arm-none-eabi/lib/thumb/v7e-m+fp/hard/libm.a(lib_a-sf_sin.o)
 .debug_info    0x000000000000430c      0xcbb /usr/lib/gcc/arm-none-eabi/9.2.1/../../../arm-none-eabi/lib/thumb/v7e-m+fp/hard/libm.a(lib_a-ef_rem_pio2.o)
 .debug_info    0x0000000000004fc7      0xaef /usr/lib/gcc/arm-none-eabi/9.2.1/../../../arm-none-eabi/lib/thumb/v7e-m+fp/hard/libm.a(lib_a-kf_cos.o)
 .debug_info    0x0000000000005ab6      0xcb6 /usr/lib/gcc/arm-none-eabi/9.2.1/../../../arm-none-eabi/lib/thumb/v7e-m+fp/hard/libm.a(lib_a-kf_rem_pio2.o)
 .debug_info    0x000000000000676c      0xab4 /usr/lib/gcc/arm-none-eabi/9.2.1/../../../arm-none-eabi/lib/thumb/v7e-m+fp/hard/libm.a(lib_a-kf_sin.o)
 .debug_info    0x0000000000007220      0xa00 /usr/lib/gcc/arm-none-eabi/9.2.1/../../../arm-none-eabi/lib/thumb/v7e-m+fp/hard/libm.a(lib_a-sf_fabs.o)
 .debug_info    0x0000000000007c20      0xa4a /usr/lib/gcc/arm-none-eabi/9.2.1/../../../arm-none-eabi/lib/thumb/v7e-m+fp/hard/libm.a(lib_a-sf_floor.o)
 .debug_info    0x000000000000866a      0xabe /usr/lib/gcc/arm-none-eabi/9.2.1/../../../arm-none-eabi/lib/thumb/v7e-m+fp/hard/libm.a(lib_a-sf_scalbn.o)

.debug_abbrev   0x0000000000000000     0x1aff
 .debug_abbrev  0x0000000000000000      0x2e5 /workspace/nutekt-digital/tapewarble/build/obj/_unit.o
 .debug_abbrev  0x00000000000002e5      0x485 /workspace/nutekt-digital/tapewarble/build/obj/tape.o
 .debug_abbrev  0x000000000000076a      0x290 /usr/lib/gcc/arm-none-eabi/9.2.1/../../../arm-none-eabi/lib/thumb/v7e-m+fp/hard/libm.a(lib_a-sf_sin.o)
 .debug_abbrev  0x00000000000009fa      0x2bd /usr/lib/gcc/arm-none-eabi/9.2.1/../../../arm-none-eabi/lib/thumb/v7e-m+fp/hard/libm.a(lib_a-ef_rem_pio2.o)
 .debug_abbrev  0x0000000000000cb7      0x246 /usr/lib/gcc/arm-none-eabi/9.2.1/../../../arm-none-eabi/lib/thumb/v7e-m+fp/hard/libm.a(lib_a-kf_cos.o)
 .debug_abbrev  0x0000000000000efd      0x2c1 /usr/lib/gcc/arm-none-eabi/9.2.1/../../../arm-none-eabi/lib/thumb/v7e-m+fp/hard/libm.a(lib_a-kf_rem_pio2.o)
 .debug_abbrev  0x00000000000011be      0x25d /usr/lib/gcc/arm-none-eabi/9.2.1/../../../arm-none-eabi/lib/thumb/v7e-m+fp/hard/libm.a(lib_a-kf_sin.o)
 .debug_abbrev  0x000000000000141b      0x235 /usr/lib/gcc/arm-none-eabi/9.2.1/../../../arm-none-eabi/lib/thumb/v7e-m+fp/hard/libm.a(lib_a-sf_fabs.o)
 .debug_abbrev  0x0000000000001650      0x251 /usr/lib/gcc/arm-none-eabi/9.2.1/../../../arm-none-eabi/lib/thumb/v7e-m+fp/hard/libm.a(lib_a-sf_floor.o)
 .debug_abbrev  0x00000000000018a1      0x25e /usr/lib/gcc/arm-none-eabi/9.2.1/../../../arm-none-eabi/lib/thumb/v7e-m+fp/hard/libm.a(lib_a-sf_scalbn.o)

.debug_loc      0x0000000000000000     0x1f9a
 .debug_loc     0x0000000000000000      0x129 /workspace/nutekt-digital/tapewarble/build/obj/_unit.o
 .debug_loc     0x0000000000000129      0x238 /workspace/nutekt-digital/tapewarble/build/obj/tape.o
 .debug_loc     0x0000000000000361       0xd2 /usr/lib/gcc/arm-none-eabi/9.2.1/../../../arm-none-eabi/lib/thumb/v7e-m+fp/hard/libm.a(lib_a-sf_sin.o)
 .debug_loc     0x0000000000000433      0x655 /usr/lib/gcc/arm-none-eabi/9.2.1/../../../arm-none-eabi/lib/thumb/v7e-m+fp/hard/libm.a(lib_a-ef_rem_pio2.o)
 .debug_loc     0x0000000000000a88      0x233 /usr/lib/gcc/arm-none-eabi/9.2.1/../../../arm-none-eabi/lib/thumb/v7e-m+fp/hard/libm.a(lib_a-kf_cos.o)
 .debug_loc     0x0000000000000cbb      0xb2e /usr/lib/gcc/arm-none-eabi/9.2.1/../../../arm-none-eabi/lib/thumb/v7e-m+fp/hard/libm.a(lib_a-kf_rem_pio2.o)
 .debug_loc     0x00000000000017e9      0x12f /usr/lib/gcc/arm-none-eabi/9.2.1/../../../arm-none-eabi/lib/thumb/v7e-m+fp/hard/libm.a(lib_a-kf_sin.o)
 .debug_loc     0x0000000000001918       0x7c /usr/lib/gcc/arm-none-eabi/9.2.1/../../../arm-none-eabi/lib/thumb/v7e-m+fp/hard/libm.a(lib_a-sf_fabs.o)
 .debug_loc     0x0000000000001994      0x256 /usr/lib/gcc/arm-none-eabi/9.2.1/../../../arm-none-eabi/lib/thumb/v7e-m+fp/hard/libm.a(lib_a-sf_floor.o)
 .debug_loc     0x0000000000001bea      0x3b0 /usr/lib/gcc/arm-none-eabi/9.2.1/../../../arm-none-eabi/lib/thumb/v7e-m+fp/hard/libm.a(lib_a-sf_scalbn.o)

.debug_aranges  0x0000000000000000      0x140
 .debug_aranges
                0x0000000000000000       0x20 /workspace/nutekt-digital/tapewarble/build/obj/_unit.o
 .debug_aranges
                0x0000000000000020       0x20 /workspace/nutekt-digital/tapewarble/build/obj/tape.o
 .debug_aranges
                0x0000000000000040       0x20 /usr/lib/gcc/arm-none-eabi/9.2.1/../../../arm-none-eabi/lib/thumb/v7e-m+fp/hard/libm.a(lib_a-sf_sin.o)
 .debug_aranges
                0x0000000000000060       0x20 /usr/lib/gcc/arm-none-eabi/9.2.1/../../../arm-none-eabi/lib/thumb/v7e-m+fp/hard/libm.a(lib_a-ef_rem_pio2.o)
 .debug_aranges
                0x0000000000000080       0x20 /usr/lib/gcc/arm-none-eabi/9.2.1/../../../arm-none-eabi/lib/thumb/v7e-m+fp/hard/libm.a(lib_a-kf_cos.o)
 .debug_aranges
                0x00000000000000a0       0x20 /usr/lib/gcc/arm-none-eabi/9.2.1/../../../arm-none-eabi/lib/thumb/v7e-m+fp/hard/libm.a(lib_a-kf_rem_pio2.o)
 .debug_aranges
                0x00000000000000c0       0x20 /usr/lib/gcc/arm-none-eabi/9.2.1/../../../arm-none-eabi/lib/thumb/v7e-m+fp/hard/libm.a(lib_a-kf_sin.o)
 .debug_aranges
                0x00000000000000e0       0x20 /usr/lib/gcc/arm-none-eabi/9.2.1/../../../arm-none-eabi/lib/thumb/v7e-m+fp/hard/libm.a(lib_a-sf_fabs.o)
 .debug_aranges
                0x0000000000000100       0x20 /usr/lib/gcc/arm-none-eabi/9.2.1/../../../arm-none-eabi/lib/thumb/v7e-m+fp/hard/libm.a(lib_a-sf_floor.o)
 .debug_aranges
                0x0000000000000120       0x20 /usr/lib/gcc/arm-none-eabi/9.2.1/../../../arm-none-eabi/lib/thumb/v7e-m+fp/hard/libm.a(lib_a-sf_scalbn.o)

.debug_ranges   0x0000000000000000       0xe0
 .debug_ranges  0x0000000000000000       0x18 /workspace/nutekt-digital/tapewarble/build/obj/_unit.o
 .debug_ranges  0x0000000000000018       0x20 /workspace/nutekt-digital/tapewarble/build/obj/tape.o
 .debug_ranges  0x0000000000000038       0x18 /usr/lib/gcc/arm-none-eabi/9.2.1/../../../arm-none-eabi/lib/thumb/v7e-m+fp/hard/libm.a(lib_a-sf_sin.o)
 .debug_ranges  0x0000000000000050       0x38 /usr/lib/gcc/arm-none-eabi/9.2.1/../../../arm-none-eabi/lib/thumb/v7e-m+fp/hard/libm.a(lib_a-ef_rem_pio2.o)
 .debug_ranges  0x0000000000000088       0x10 /usr/lib/gcc/arm-none-eabi/9.2.1/../../../arm-none-eabi/lib/thumb/v7e-m+fp/hard/libm.a(lib_a-sf_fabs.o)
 .debug_ranges  0x0000000000000098       0x48 /usr/lib/gcc/arm-none-eabi/9.2.1/../../../arm-none-eabi/lib/thumb/v7e-m+fp/hard/libm.a(lib_a-sf_scalbn.o)

.debug_line     0x0000000000000000     0x2218
 .debug_line    0x0000000000000000      0x1cb /workspace/nutekt-digital/tapewarble/build/obj/_unit.o
 .debug_line    0x00000000000001cb      0x317 /workspace/nutekt-digital/tapewarble/build/obj/tape.o
 .debug_line    0x00000000000004e2      0x262 /usr/lib/gcc/arm-none-eabi/9.2.1/../../../arm-none-eabi/lib/thumb/v7e-m+fp/hard/libm.a(lib_a-sf_sin.o)
 .debug_line    0x0000000000000744      0x53b /usr/lib/gcc/arm-none-eabi/9.2.1/../../../arm-none-eabi/lib/thumb/v7e-m+fp/hard/libm.a(lib_a-ef_rem_pio2.o)
 .debug_line    0x0000000000000c7f      0x2a9 /usr/lib/gcc/arm-none-eabi/9.2.1/../../../arm-none-eabi/lib/thumb/v7e-m+fp/hard/libm.a(lib_a-kf_cos.o)
 .debug_line    0x0000000000000f28      0x95f /usr/lib/gcc/arm-none-eabi/9.2.1/../../../arm-none-eabi/lib/thumb/v7e-m+fp/hard/libm.a(lib_a-kf_rem_pio2.o)
 .debug_line    0x0000000000001887      0x24d /usr/lib/gcc/arm-none-eabi/9.2.1/../../../arm-none-eabi/lib/thumb/v7e-m+fp/hard/libm.a(lib_a-kf_sin.o)
 .debug_line    0x0000000000001ad4      0x1e1 /usr/lib/gcc/arm-none-eabi/9.2.1/../../../arm-none-eabi/lib/thumb/v7e-m+fp/hard/libm.a(lib_a-sf_fabs.o)
 .debug_line    0x0000000000001cb5      0x2aa /usr/lib/gcc/arm-none-eabi/9.2.1/../../../arm-none-eabi/lib/thumb/v7e-m+fp/hard/libm.a(lib_a-sf_floor.o)
 .debug_line    0x0000000000001f5f      0x2b9 /usr/lib/gcc/arm-none-eabi/9.2.1/../../../arm-none-eabi/lib/thumb/v7e-m+fp/hard/libm.a(lib_a-sf_scalbn.o)

.debug_str      0x0000000000000000     0x1905
 .debug_str     0x0000000000000000      0x7d2 /workspace/nutekt-digital/tapewarble/build/obj/_unit.o
                                        0x86d (size before relaxing)
 .debug_str     0x00000000000007d2      0xbd8 /workspace/nutekt-digital/tapewarble/build/obj/tape.o
                                       0x11db (size before relaxing)
 .debug_str     0x00000000000013aa      0x1c1 /usr/lib/gcc/arm-none-eabi/9.2.1/../../../arm-none-eabi/lib/thumb/v7e-m+fp/hard/libm.a(lib_a-sf_sin.o)
                                        0x64d (size before relaxing)
 .debug_str     0x000000000000156b       0xad /usr/lib/gcc/arm-none-eabi/9.2.1/../../../arm-none-eabi/lib/thumb/v7e-m+fp/hard/libm.a(lib_a-ef_rem_pio2.o)
                                        0x6ad (size before relaxing)
 .debug_str     0x0000000000001618       0x32 /usr/lib/gcc/arm-none-eabi/9.2.1/../../../arm-none-eabi/lib/thumb/v7e-m+fp/hard/libm.a(lib_a-kf_cos.o)
                                        0x62b (size before relaxing)
 .debug_str     0x000000000000164a       0x6d /usr/lib/gcc/arm-none-eabi/9.2.1/../../../arm-none-eabi/lib/thumb/v7e-m+fp/hard/libm.a(lib_a-kf_rem_pio2.o)
                                        0x646 (size before relaxing)
 .debug_str     0x00000000000016b7       0x32 /usr/lib/gcc/arm-none-eabi/9.2.1/../../../arm-none-eabi/lib/thumb/v7e-m+fp/hard/libm.a(lib_a-kf_sin.o)
                                        0x62b (size before relaxing)
 .debug_str     0x00000000000016e9       0x33 /usr/lib/gcc/arm-none-eabi/9.2.1/../../../arm-none-eabi/lib/thumb/v7e-m+fp/hard/libm.a(lib_a-sf_fabs.o)
                                        0x61a (size before relaxing)
 .debug_str     0x000000000000171c       0xa5 /usr/lib/gcc/arm-none-eabi/9.2.1/../../../arm-none-eabi/lib/thumb/v7e-m+fp/hard/libm.a(lib_a-sf_floor.o)
                                        0x63c (size before relaxing)
 .debug_str     0x00000000000017c1      0x144 /usr/lib/gcc/arm-none-eabi/9.2.1/../../../arm-none-eabi/lib/thumb/v7e-m+fp/hard/libm.a(lib_a-sf_scalbn.o)
                                        0x650 (size before relaxing)

.comment        0x0000000000000000       0xa7
 .comment       0x0000000000000000       0x59 /workspace/nutekt-digital/tapewarble/build/obj/_unit.o
                                         0x5a (size before relaxing)
 .comment       0x0000000000000059       0x5a /workspace/nutekt-digital/tapewarble/build/obj/tape.o
 .comment       0x0000000000000059       0x4e /usr/lib/gcc/arm-none-eabi/9.2.1/../../../arm-none-eabi/lib/thumb/v7e-m+fp/hard/libm.a(lib_a-sf_sin.o)
                                         0x4f (size before relaxing)
 .comment       0x00000000000000a7       0x4f /usr/lib/gcc/arm-none-eabi/9.2.1/../../../arm-none-eabi/lib/thumb/v7e-m+fp/hard/libm.a(lib_a-ef_rem_pio2.o)
 .comment       0x00000000000000a7       0x4f /usr/lib/gcc/arm-none-eabi/9.2.1/../../../arm-none-eabi/lib/thumb/v7e-m+fp/hard/libm.a(lib_a-kf_cos.o)
 .comment       0x00000000000000a7       0x4f /usr/lib/gcc/arm-none-eabi/9.2.1/../../../arm-none-eabi/lib/thumb/v7e-m+fp/hard/libm.a(lib_a-kf_rem_pio2.o)
 .comment       0x00000000000000a7       0x4f /usr/lib/gcc/arm-none-eabi/9.2.1/../../../arm-none-eabi/lib/thumb/v7e-m+fp/hard/libm.a(lib_a-kf_sin.o)
 .comment       0x00000000000000a7       0x4f /usr/lib/gcc/arm-none-eabi/9.2.1/../../../arm-none-eabi/lib/thumb/v7e-m+fp/hard/libm.a(lib_a-sf_fabs.o)
 .comment       0x00000000000000a7       0x4f /usr/lib/gcc/arm-none-eabi/9.2.1/../../../arm-none-eabi/lib/thumb/v7e-m+fp/hard/libm.a(lib_a-sf_floor.o)
 .comment       0x00000000000000a7       0x4f /usr/lib/gcc/arm-none-eabi/9.2.1/../../../arm-none-eabi/lib/thumb/v7e-m+fp/hard/libm.a(lib_a-sf_scalbn.o)

.ARM.attributes
                0x0000000000000000       0x34
 .ARM.attributes
                0x0000000000000000       0x34 /workspace/nutekt-digital/tapewarble/build/obj/_unit.o
 .ARM.attributes
                0x0000000000000034       0x34 /workspace/nutekt-digital/tapewarble/build/obj/tape.o
 .ARM.attributes
                0x0000000000000068       0x34 /usr/lib/gcc/arm-none-eabi/9.2.1/../../../arm-none-eabi/lib/thumb/v7e-m+fp/hard/libm.a(lib_a-sf_sin.o)
 .ARM.attributes
                0x000000000000009c       0x34 /usr/lib/gcc/arm-none-eabi/9.2.1/../../../arm-none-eabi/lib/thumb/v7e-m+fp/hard/libm.a(lib_a-ef_rem_pio2.o)
 .ARM.attributes
                0x00000000000000d0       0x34 /usr/lib/gcc/arm-none-eabi/9.2.1/../../../arm-none-eabi/lib/thumb/v7e-m+fp/hard/libm.a(lib_a-kf_cos.o)
 .ARM.attributes
                0x0000000000000104       0x34 /usr/lib/gcc/arm-none-eabi/9.2.1/../../../arm-none-eabi/lib/thumb/v7e-m+fp/hard/libm.a(lib_a-kf_rem_pio2.o)
 .ARM.attributes
                0x0000000000000138       0x34 /usr/lib/gcc/arm-none-eabi/9.2.1/../../../arm-none-eabi/lib/thumb/v7e-m+fp/hard/libm.a(lib_a-kf_sin.o)
 .ARM.attributes
                0x000000000000016c       0x34 /usr/lib/gcc/arm-none-eabi/9.2.1/../../../arm-none-eabi/lib/thumb/v7e-m+fp/hard/libm.a(lib_a-sf_fabs.o)
 .ARM.attributes
                0x00000000000001a0       0x34 /usr/lib/gcc/arm-none-eabi/9.2.1/../../../arm-none-eabi/lib/thumb/v7e-m+fp/hard/libm.a(lib_a-sf_floor.o)
 .ARM.attributes
                0x00000000000001d4       0x34 /usr/lib/gcc/arm-none-eabi/9.2.1/../../../arm-none-eabi/lib/thumb/v7e-m+fp/hard/libm.a(lib_a-sf_scalbn.o)

.debug_frame    0x0000000000000000      0x284
 .debug_frame   0x0000000000000000       0x84 /workspace/nutekt-digital/tapewarble/build/obj/_unit.o
 .debug_frame   0x0000000000000084       0x70 /workspace/nutekt-digital/tapewarble/build/obj/tape.o
 .debug_frame   0x00000000000000f4       0x34 /usr/lib/gcc/arm-none-eabi/9.2.1/../../../arm-none-eabi/lib/thumb/v7e-m+fp/hard/libm.a(lib_a-sf_sin.o)
 .debug_frame   0x0000000000000128       0x44 /usr/lib/gcc/arm-none-eabi/9.2.1/../../../arm-none-eabi/lib/thumb/v7e-m+fp/hard/libm.a(lib_a-ef_rem_pio2.o)
 .debug_frame   0x000000000000016c       0x20 /usr/lib/gcc/arm-none-eabi/9.2.1/../../../arm-none-eabi/lib/thumb/v7e-m+fp/hard/libm.a(lib_a-kf_cos.o)
 .debug_frame   0x000000000000018c       0x5c /usr/lib/gcc/arm-none-eabi/9.2.1/../../../arm-none-eabi/lib/thumb/v7e-m+fp/hard/libm.a(lib_a-kf_rem_pio2.o)
 .debug_frame   0x00000000000001e8       0x20 /usr/lib/gcc/arm-none-eabi/9.2.1/../../../arm-none-eabi/lib/thumb/v7e-m+fp/hard/libm.a(lib_a-kf_sin.o)
 .debug_frame   0x0000000000000208       0x20 /usr/lib/gcc/arm-none-eabi/9.2.1/../../../arm-none-eabi/lib/thumb/v7e-m+fp/hard/libm.a(lib_a-sf_fabs.o)
 .debug_frame   0x0000000000000228       0x20 /usr/lib/gcc/arm-none-eabi/9.2.1/../../../arm-none-eabi/lib/thumb/v7e-m+fp/hard/libm.a(lib_a-sf_floor.o)
 .debug_frame   0x0000000000000248       0x3c /usr/lib/gcc/arm-none-eabi/9.2.1/../../../arm-none-eabi/lib/thumb/v7e-m+fp/hard/libm.a(lib_a-sf_scalbn.o)

Cross Reference Table

Symbol                                            File
__ieee754_rem_pio2f                               /usr/lib/gcc/arm-none-eabi/9.2.1/../../../arm-none-eabi/lib/thumb/v7e-m+fp/hard/libm.a(lib_a-ef_rem_pio2.o)
                                                  /usr/lib/gcc/arm-none-eabi/9.2.1/../../../arm-none-eabi/lib/thumb/v7e-m+fp/hard/libm.a(lib_a-sf_sin.o)
__init_array_end                                  /workspace/nutekt-digital/tapewarble/build/obj/_unit.o
__init_array_start                                /workspace/nutekt-digital/tapewarble/build/obj/_unit.o
__kernel_cosf                                     /usr/lib/gcc/arm-none-eabi/9.2.1/../../../arm-none-eabi/lib/thumb/v7e-m+fp/hard/libm.a(lib_a-kf_cos.o)
                                                  /usr/lib/gcc/arm-none-eabi/9.2.1/../../../arm-none-eabi/lib/thumb/v7e-m+fp/hard/libm.a(lib_a-sf_sin.o)
__kernel_rem_pio2f                                /usr/lib/gcc/arm-none-eabi/9.2.1/../../../arm-none-eabi/lib/thumb/v7e-m+fp/hard/libm.a(lib_a-kf_rem_pio2.o)
                                                  /usr/lib/gcc/arm-none-eabi/9.2.1/../../../arm-none-eabi/lib/thumb/v7e-m+fp/hard/libm.a(lib_a-ef_rem_pio2.o)
__kernel_sinf                                     /usr/lib/gcc/arm-none-eabi/9.2.1/../../../arm-none-eabi/lib/thumb/v7e-m+fp/hard/libm.a(lib_a-kf_sin.o)
                                                  /usr/lib/gcc/arm-none-eabi/9.2.1/../../../arm-none-eabi/lib/thumb/v7e-m+fp/hard/libm.a(lib_a-sf_sin.o)
_bss_end                                          /workspace/nutekt-digital/tapewarble/build/obj/_unit.o
_bss_start                                        /workspace/nutekt-digital/tapewarble/build/obj/_unit.o
_entry                                            /workspace/nutekt-digital/tapewarble/build/obj/_unit.o
_hook_init                                        /workspace/nutekt-digital/tapewarble/build/obj/tape.o
                                                  /workspace/nutekt-digital/tapewarble/build/obj/_unit.o
_hook_param                                       /workspace/nutekt-digital/tapewarble/build/obj/tape.o
                                                  /workspace/nutekt-digital/tapewarble/build/obj/_unit.o
_hook_process                                     /workspace/nutekt-digital/tapewarble/build/obj/tape.o
                                                  /workspace/nutekt-digital/tapewarble/build/obj/_unit.o
_hook_resume                                      /workspace/nutekt-digital/tapewarble/build/obj/_unit.o
_hook_suspend                                     /workspace/nutekt-digital/tapewarble/build/obj/_unit.o
fabsf                                             /usr/lib/gcc/arm-none-eabi/9.2.1/../../../arm-none-eabi/lib/thumb/v7e-m+fp/hard/libm.a(lib_a-sf_fabs.o)
                                                  /usr/lib/gcc/arm-none-eabi/9.2.1/../../../arm-none-eabi/lib/thumb/v7e-m+fp/hard/libm.a(lib_a-ef_rem_pio2.o)
floorf                                            /usr/lib/gcc/arm-none-eabi/9.2.1/../../../arm-none-eabi/lib/thumb/v7e-m+fp/hard/libm.a(lib_a-sf_floor.o)
                                                  /usr/lib/gcc/arm-none-eabi/9.2.1/../../../arm-none-eabi/lib/thumb/v7e-m+fp/hard/libm.a(lib_a-kf_rem_pio2.o)
lfo(float)                                        /workspace/nutekt-digital/tapewarble/build/obj/tape.o
linearInterpolate(float, float, float)            /workspace/nutekt-digital/tapewarble/build/obj/tape.o
scalbnf                                           /usr/lib/gcc/arm-none-eabi/9.2.1/../../../arm-none-eabi/lib/thumb/v7e-m+fp/hard/libm.a(lib_a-sf_scalbn.o)
                                                  /usr/lib/gcc/arm-none-eabi/9.2.1/../../../arm-none-eabi/lib/thumb/v7e-m+fp/hard/libm.a(lib_a-kf_rem_pio2.o)
sinf                                              /usr/lib/gcc/arm-none-eabi/9.2.1/../../../arm-none-eabi/lib/thumb/v7e-m+fp/hard/libm.a(lib_a-sf_sin.o)
                                                  /workspace/nutekt-digital/tapewarble/build/obj/tape.o
